<html>
<body>
<pre>
<h1>µVision Build Log</h1>
<h2>Tool Versions:</h2>
IDE-Version: µVision V5.24.2.0
Copyright (C) 2017 ARM Ltd and ARM Germany GmbH. All rights reserved.
License Information: Alexander Upstone, N/A, LIC=----
 
Tool Versions:
Toolchain:       MDK-Lite  Version: 5.24.1
Toolchain Path:  C:\Keil_v5\ARM\ARMCC\Bin
C Compiler:      Armcc.exe V5.06 update 5 (build 528)
Assembler:       Armasm.exe V5.06 update 5 (build 528)
Linker/Locator:  ArmLink.exe V5.06 update 5 (build 528)
Library Manager: ArmAr.exe V5.06 update 5 (build 528)
Hex Converter:   FromElf.exe V5.06 update 5 (build 528)
CPU DLL:         SARMCM3.DLL V5.24.1
Dialog DLL:      DCM.DLL V1.16.0.0
Target DLL:      STLink\ST-LINKIII-KEIL_SWO.dll V3.0.1.0
Dialog DLL:      TCM.DLL V1.32.0.0
 
<h2>Project:</h2>
D:\My Documents\Programming\STM32\DataLogger\DataLogger\DataLogger.uvprojx
Project File Date:  10/08/2018

<h2>Output:</h2>
*** Using Compiler 'V5.06 update 5 (build 528)', folder: 'C:\Keil_v5\ARM\ARMCC\Bin'
Build target 'Target 1'
assembling startup_stm32f10x_md_vl.s...
compiling core_cm3.c...
compiling system_stm32f10x.c...
compiling main.cpp...
compiling DigitalInput.cpp...
compiling DigitalOutput.cpp...
compiling USART.cpp...
compiling SPI.cpp...
src\SPI.cpp(2): warning:  #1-D: last line of file ends without a newline
  #include "SPI.h"
src\SPI.cpp: 1 warning, 0 errors
compiling Timer.cpp...
src\Timer.cpp(77): warning:  #177-D: variable "i"  was declared but never referenced
  	int i = 0;
src\Timer.cpp(83): warning:  #177-D: variable "i"  was declared but never referenced
  	int i = 0;
src\Timer.cpp: 2 warnings, 0 errors
compiling I2C.cpp...
src\I2C.cpp(197): warning:  #177-D: variable "i"  was declared but never referenced
  	int i = 0;
src\I2C.cpp(203): warning:  #177-D: variable "i"  was declared but never referenced
  	int i = 0;
src\I2C.cpp: 2 warnings, 0 errors
linking...
Program Size: Code=1956 RO-data=324 RW-data=12 ZI-data=1636  
".\Objects\DataLogger.axf" - 0 Error(s), 5 Warning(s).

<h2>Software Packages used:</h2>

Package Vendor: Keil
                http://www.keil.com/pack/Keil.STM32F1xx_DFP.2.2.0.pack
                Keil.STM32F1xx_DFP.2.2.0
                STMicroelectronics STM32F1 Series Device Support, Drivers and Examples

<h2>Collection of Component include folders:</h2>
  .\RTE\_Target_1
  C:\Keil_v5\ARM\PACK\Keil\STM32F1xx_DFP\2.2.0\Device\Include

<h2>Collection of Component Files used:</h2>
Build Time Elapsed:  00:00:05
</pre>
</body>
</html>
